// Jest Snapshot v1, https://goo.gl/fbAQLP

exports[`<SummaryItemScreen /> should match snapshot 1`] = `
<View
  style={
    Object {
      "alignItems": "center",
      "backgroundColor": "#5f0c38",
      "flex": 1,
      "justifyContent": "center",
    }
  }
>
  <Text
    style={
      Object {
        "color": "#bbb",
      }
    }
  >
    Et ole vielä tallentanut mitään
  </Text>
</View>
`;
